Archive member included to satisfy reference by file (symbol)

/usr/lib/gcc/avr/9.2.0/avr5/libgcc.a(_udivmodhi4.o)
                              led.o (__udivmodhi4)
/usr/lib/gcc/avr/9.2.0/avr5/libgcc.a(_divmodhi4.o)
                              led.o (__divmodhi4)
/usr/lib/gcc/avr/9.2.0/avr5/libgcc.a(_udivmodsi4.o)
                              console.o (__udivmodsi4)
/usr/lib/gcc/avr/9.2.0/avr5/libgcc.a(_exit.o)
                              /usr/lib/gcc/avr/9.2.0/../../../../avr/lib/avr5/crtatmega32u4.o (exit)
/usr/lib/gcc/avr/9.2.0/avr5/libgcc.a(_tablejump2.o)
                              ../third-party/LUFA100513/LUFA/Drivers/USB/LowLevel/DevChapter9.o (__tablejump2__)
/usr/lib/gcc/avr/9.2.0/avr5/libgcc.a(_copy_data.o)
                              usbdev_cdc.o (__do_copy_data)
/usr/lib/gcc/avr/9.2.0/avr5/libgcc.a(_clear_bss.o)
                              usbdev_cdc.o (__do_clear_bss)
/usr/lib/gcc/avr/9.2.0/avr5/libgcc.a(_muluhisi3.o)
                              parse.o (__muluhisi3)
/usr/lib/gcc/avr/9.2.0/avr5/libgcc.a(_umulhisi3.o)
                              /usr/lib/gcc/avr/9.2.0/avr5/libgcc.a(_muluhisi3.o) (__umulhisi3)
/usr/lib/gcc/avr/9.2.0/../../../../avr/lib/avr5/libc.a(memcmp_P.o)
                              commands.o (memcmp_P)
/usr/lib/gcc/avr/9.2.0/../../../../avr/lib/avr5/libc.a(memcpy_P.o)
                              commands.o (memcpy_P)
/usr/lib/gcc/avr/9.2.0/../../../../avr/lib/avr5/libc.a(strlen_P.o)
                              commands.o (__strlen_P)
/usr/lib/gcc/avr/9.2.0/../../../../avr/lib/avr5/libatmega32u4.a(eerd_byte.o)
                              ../third-party/LUFA100513/LUFA/Drivers/USB/LowLevel/Endpoint.o (eeprom_read_byte)
/usr/lib/gcc/avr/9.2.0/../../../../avr/lib/avr5/libatmega32u4.a(eewr_byte.o)
                              ../third-party/LUFA100513/LUFA/Drivers/USB/LowLevel/Endpoint.o (eeprom_write_byte)

Allocating common symbols
Common symbol       size              file

USB_IsInitialized   0x1               ../third-party/LUFA100513/LUFA/Drivers/USB/HighLevel/USBTask.o
USB_CurrentlySelfPowered
                    0x1               ../third-party/LUFA100513/LUFA/Drivers/USB/LowLevel/DevChapter9.o
USB_RemoteWakeupEnabled
                    0x1               ../third-party/LUFA100513/LUFA/Drivers/USB/LowLevel/DevChapter9.o
USB_DeviceState     0x1               ../third-party/LUFA100513/LUFA/Drivers/USB/HighLevel/USBTask.o
USB_ControlRequest  0x8               ../third-party/LUFA100513/LUFA/Drivers/USB/HighLevel/USBTask.o
USB_ConfigurationNumber
                    0x1               ../third-party/LUFA100513/LUFA/Drivers/USB/LowLevel/DevChapter9.o

Discarded input sections

 .data          0x0000000000000000        0x0 /usr/lib/gcc/avr/9.2.0/../../../../avr/lib/avr5/crtatmega32u4.o
 .bss           0x0000000000000000        0x0 /usr/lib/gcc/avr/9.2.0/../../../../avr/lib/avr5/crtatmega32u4.o
 .text          0x0000000000000000        0x0 usbdev_cdc.o
 .data          0x0000000000000000        0x0 usbdev_cdc.o
 .bss           0x0000000000000000        0x0 usbdev_cdc.o
 .text.usbdev_cdc_set_rx_cb
                0x0000000000000000        0xa usbdev_cdc.o
 .text.usbdev_cdc_set_rx_ready_cb
                0x0000000000000000        0xa usbdev_cdc.o
 .text          0x0000000000000000        0x0 ../third-party/LUFA100513/LUFA/Drivers/USB/Class/Device/CDC.o
 .data          0x0000000000000000        0x0 ../third-party/LUFA100513/LUFA/Drivers/USB/Class/Device/CDC.o
 .bss           0x0000000000000000        0x0 ../third-party/LUFA100513/LUFA/Drivers/USB/Class/Device/CDC.o
 .text.CDC_Device_SendString
                0x0000000000000000       0x3c ../third-party/LUFA100513/LUFA/Drivers/USB/Class/Device/CDC.o
 .text.CDC_Device_putchar
                0x0000000000000000       0x22 ../third-party/LUFA100513/LUFA/Drivers/USB/Class/Device/CDC.o
 .text.CDC_Device_getchar
                0x0000000000000000       0x28 ../third-party/LUFA100513/LUFA/Drivers/USB/Class/Device/CDC.o
 .text.CDC_Device_getchar_Blocking
                0x0000000000000000       0x3e ../third-party/LUFA100513/LUFA/Drivers/USB/Class/Device/CDC.o
 .rodata        0x0000000000000000        0x8 ../third-party/LUFA100513/LUFA/Drivers/USB/Class/Device/CDC.o
 .text.CDC_Device_SendControlLineStateChange
                0x0000000000000000       0x8c ../third-party/LUFA100513/LUFA/Drivers/USB/Class/Device/CDC.o
 .text.CDC_Device_CreateStream
                0x0000000000000000       0x26 ../third-party/LUFA100513/LUFA/Drivers/USB/Class/Device/CDC.o
 .text.CDC_Device_CreateBlockingStream
                0x0000000000000000       0x26 ../third-party/LUFA100513/LUFA/Drivers/USB/Class/Device/CDC.o
 .text          0x0000000000000000        0x0 ../third-party/LUFA100513/LUFA/Drivers/USB/Class/Host/CDC.o
 .data          0x0000000000000000        0x0 ../third-party/LUFA100513/LUFA/Drivers/USB/Class/Host/CDC.o
 .bss           0x0000000000000000        0x0 ../third-party/LUFA100513/LUFA/Drivers/USB/Class/Host/CDC.o
[...]
Memory Configuration

Name             Origin             Length             Attributes
text             0x0000000000000000 0x0000000000020000 xr
data             0x0000000000800060 0x000000000000ffa0 rw !x
eeprom           0x0000000000810000 0x0000000000010000 rw !x
fuse             0x0000000000820000 0x0000000000000400 rw !x
lock             0x0000000000830000 0x0000000000000400 rw !x
signature        0x0000000000840000 0x0000000000000400 rw !x
user_signatures  0x0000000000850000 0x0000000000000400 rw !x
*default*        0x0000000000000000 0xffffffffffffffff

Linker script and memory map

Address of section .data set to 0x800100
LOAD /usr/lib/gcc/avr/9.2.0/../../../../avr/lib/avr5/crtatmega32u4.o
LOAD usbdev_cdc.o
LOAD ../third-party/LUFA100513/LUFA/Drivers/USB/Class/Device/CDC.o
LOAD ../third-party/LUFA100513/LUFA/Drivers/USB/Class/Host/CDC.o
LOAD usbdev.o
LOAD ../third-party/LUFA100513/LUFA/Drivers/USB/LowLevel/DevChapter9.o
LOAD ../third-party/LUFA100513/LUFA/Drivers/USB/LowLevel/Endpoint.o
LOAD ../third-party/LUFA100513/LUFA/Drivers/USB/LowLevel/Host.o
LOAD ../third-party/LUFA100513/LUFA/Drivers/USB/LowLevel/HostChapter9.o
LOAD ../third-party/LUFA100513/LUFA/Drivers/USB/LowLevel/LowLevel.o
LOAD ../third-party/LUFA100513/LUFA/Drivers/USB/LowLevel/Pipe.o
LOAD ../third-party/LUFA100513/LUFA/Drivers/USB/LowLevel/USBInterrupt.o
LOAD ../third-party/LUFA100513/LUFA/Drivers/USB/HighLevel/ConfigDescriptor.o
LOAD ../third-party/LUFA100513/LUFA/Drivers/USB/HighLevel/Events.o
LOAD ../third-party/LUFA100513/LUFA/Drivers/USB/HighLevel/USBTask.o
LOAD hw_i2c.o
LOAD bus_i2c.o
LOAD hw_spi.o
LOAD bus_spi.o
LOAD ninja.o
LOAD cpu.o
LOAD parse.o
LOAD watchdog.o
LOAD hw_led.o
LOAD led.o
LOAD tick.o
LOAD console.o
LOAD commands.o
LOAD global_commands.o
LOAD bus.o
LOAD menu.o
START GROUP
LOAD /usr/lib/gcc/avr/9.2.0/avr5/libgcc.a
LOAD /usr/lib/gcc/avr/9.2.0/../../../../avr/lib/avr5/libm.a
LOAD /usr/lib/gcc/avr/9.2.0/../../../../avr/lib/avr5/libc.a
LOAD /usr/lib/gcc/avr/9.2.0/../../../../avr/lib/avr5/libatmega32u4.a
END GROUP
                0x0000000000020000                __TEXT_REGION_LENGTH__ = DEFINED (__TEXT_REGION_LENGTH__)?__TEXT_REGION_LENGTH__:0x20000
                0x000000000000ffa0                __DATA_REGION_LENGTH__ = DEFINED (__DATA_REGION_LENGTH__)?__DATA_REGION_LENGTH__:0xffa0
                0x0000000000010000                __EEPROM_REGION_LENGTH__ = DEFINED (__EEPROM_REGION_LENGTH__)?__EEPROM_REGION_LENGTH__:0x10000
                0x0000000000000400                __FUSE_REGION_LENGTH__ = DEFINED (__FUSE_REGION_LENGTH__)?__FUSE_REGION_LENGTH__:0x400
                0x0000000000000400                __LOCK_REGION_LENGTH__ = DEFINED (__LOCK_REGION_LENGTH__)?__LOCK_REGION_LENGTH__:0x400
                0x0000000000000400                __SIGNATURE_REGION_LENGTH__ = DEFINED (__SIGNATURE_REGION_LENGTH__)?__SIGNATURE_REGION_LENGTH__:0x400
                0x0000000000000400                __USER_SIGNATURE_REGION_LENGTH__ = DEFINED (__USER_SIGNATURE_REGION_LENGTH__)?__USER_SIGNATURE_REGION_LENGTH__:0x400

.hash
 *(.hash)

.dynsym
 *(.dynsym)

.dynstr
 *(.dynstr)

.gnu.version
 *(.gnu.version)

.gnu.version_d
 *(.gnu.version_d)

.gnu.version_r
 *(.gnu.version_r)

.rel.init
 *(.rel.init)

.rela.init
 *(.rela.init)

.rel.text
 *(.rel.text)
 *(.rel.text.*)
 *(.rel.gnu.linkonce.t*)

.rela.text
 *(.rela.text)
 *(.rela.text.*)
 *(.rela.gnu.linkonce.t*)

.rel.fini
 *(.rel.fini)

.rela.fini
 *(.rela.fini)

.rel.rodata
 *(.rel.rodata)
 *(.rel.rodata.*)
 *(.rel.gnu.linkonce.r*)

.rela.rodata
 *(.rela.rodata)
 *(.rela.rodata.*)
 *(.rela.gnu.linkonce.r*)

.rel.data
 *(.rel.data)
 *(.rel.data.*)
 *(.rel.gnu.linkonce.d*)

.rela.data
 *(.rela.data)
 *(.rela.data.*)
 *(.rela.gnu.linkonce.d*)

.rel.ctors
 *(.rel.ctors)

.rela.ctors
 *(.rela.ctors)

.rel.dtors
 *(.rel.dtors)

.rela.dtors
 *(.rela.dtors)

.rel.got
 *(.rel.got)

.rela.got
 *(.rela.got)

.rel.bss
 *(.rel.bss)

.rela.bss
 *(.rela.bss)

.rel.plt
 *(.rel.plt)

.rela.plt
 *(.rela.plt)

.text           0x0000000000000000     0x20c4
 *(.vectors)
 .vectors       0x0000000000000000       0xac /usr/lib/gcc/avr/9.2.0/../../../../avr/lib/avr5/crtatmega32u4.o
                0x0000000000000000                __vectors
                0x0000000000000000                __vector_default
 *(.vectors)
 *(.progmem.gcc*)
                0x00000000000000ac                . = ALIGN (0x2)
                0x00000000000000ac                __trampolines_start = .
 *(.trampolines)
 .trampolines   0x00000000000000ac        0x0 linker stubs
 *(.trampolines*)
                0x00000000000000ac                __trampolines_end = .
 *libprintf_flt.a:*(.progmem.data)
 *libc.a:*(.progmem.data)
 *(.progmem.*)
 .progmem.data.ConfigurationDescriptor_CDC
                0x00000000000000ac       0x3e usbdev_cdc.o
                0x00000000000000ac                ConfigurationDescriptor_CDC
 .progmem.data.ProductString
                0x00000000000000ea       0x14 usbdev.o
                0x00000000000000ea                ProductString
 .progmem.data.ManufacturerString
                0x00000000000000fe       0x18 usbdev.o
                0x00000000000000fe                ManufacturerString
 .progmem.data.LanguageString
                0x0000000000000116        0x4 usbdev.o
                0x0000000000000116                LanguageString
 .progmem.data.DeviceDescriptor
                0x000000000000011a       0x12 usbdev.o
                0x000000000000011a                DeviceDescriptor
 .progmem.data.__c.1962
                0x000000000000012c        0x9 bus_i2c.o
 .progmem.data.__c.1998
                0x0000000000000135       0x13 bus_i2c.o
 .progmem.data.__c.1996
                0x0000000000000148        0x3 bus_i2c.o
 .progmem.data.__c.1994
                0x000000000000014b        0xb bus_i2c.o
 .progmem.data.__c.1991
                0x0000000000000156       0x13 bus_i2c.o
 .progmem.data.__c.1989
                0x0000000000000169        0x3 bus_i2c.o
 .progmem.data.__c.1987
                0x000000000000016c        0x4 bus_i2c.o
 .progmem.data.__c.1985
                0x0000000000000170        0xb bus_i2c.o
 .progmem.data.__c.1983
                0x000000000000017b        0xc bus_i2c.o
 .progmem.data.__c.1979
                0x0000000000000187       0x13 bus_i2c.o
 .progmem.data.__c.1977
                0x000000000000019a        0x3 bus_i2c.o
 .progmem.data.__c.1975
                0x000000000000019d        0x5 bus_i2c.o
 .progmem.data.__c.2023
                0x00000000000001a2        0x3 bus_i2c.o
 .progmem.data.__c.2021
                0x00000000000001a5        0x4 bus_i2c.o
 .progmem.data.__c.2019
                0x00000000000001a9        0xb bus_i2c.o
 .progmem.data.__c.2017
                0x00000000000001b4        0xc bus_i2c.o
 .progmem.data.__c.2014
                0x00000000000001c0        0x4 bus_i2c.o
 .progmem.data.__c.2012
                0x00000000000001c4        0x3 bus_i2c.o
 .progmem.data.__c.2010
                0x00000000000001c7        0xb bus_i2c.o
 .progmem.data.__c.2008
                0x00000000000001d2        0xc bus_i2c.o
 .progmem.data.__c.2006
                0x00000000000001de       0x14 bus_i2c.o
 .progmem.data.__c.2039
                0x00000000000001f2        0x3 bus_i2c.o
 .progmem.data.__c.2037
                0x00000000000001f5        0xb bus_i2c.o
 .progmem.data.__c.2033
                0x0000000000000200       0x14 bus_i2c.o
 .progmem.data.__c.2031
                0x0000000000000214        0x5 bus_i2c.o
 .progmem.data.__c.1939
                0x0000000000000219        0xb bus_spi.o
 .progmem.data.__c.1944
                0x0000000000000224        0xc bus_spi.o
 .progmem.data.__c.1949
                0x0000000000000230        0x8 bus_spi.o
 .progmem.data.__c.1955
                0x0000000000000238        0x7 bus_spi.o
 .progmem.data.__c.1963
                0x000000000000023f        0x7 bus_spi.o
 .progmem.data.__c.1961
                0x0000000000000246        0x8 bus_spi.o
 .progmem.data.__c.1973
                0x000000000000024e        0x3 ninja.o
 .progmem.data.__c.1971
                0x0000000000000251        0x2 ninja.o
 .progmem.data.__c.1969
                0x0000000000000253       0x23 ninja.o
 .progmem.data.__c.1967
                0x0000000000000276        0x2 ninja.o
 .progmem.data.led_sequences
                0x0000000000000278        0xe led.o
 .progmem.data.led_seq_glow
                0x0000000000000286        0x7 led.o
 .progmem.data.led_seq_sine
                0x000000000000028d       0x19 led.o
 .progmem.data.led_seq_blink
                0x00000000000002a6        0x7 led.o
 .progmem.data.led_seq_fastflash
                0x00000000000002ad        0x7 led.o
 .progmem.data.led_seq_slowflash
                0x00000000000002b4        0x7 led.o
 .progmem.data.led_seq_on
                0x00000000000002bb        0x4 led.o
 .progmem.data.led_seq_off
                0x00000000000002bf        0x4 led.o
 .progmem.data.__c.1887
                0x00000000000002c3        0x3 console.o
 .progmem.data.__c.1958
                0x00000000000002c6        0x6 commands.o
 .progmem.data.__c.1984
                0x00000000000002cc        0x7 commands.o
 .progmem.data.__c.2001
                0x00000000000002d3       0x12 global_commands.o
 .progmem.data.global_command_table
                0x00000000000002e5       0x1c global_commands.o
                0x00000000000002e5                global_command_table
 .progmem.data.i2cStr
                0x0000000000000301        0x4 global_commands.o
                0x0000000000000301                i2cStr
 .progmem.data.spiStr
                0x0000000000000305        0x4 global_commands.o
                0x0000000000000305                spiStr
 .progmem.data.resetStr
                0x0000000000000309        0x6 global_commands.o
                0x0000000000000309                resetStr
 .progmem.data.ledStr
                0x000000000000030f        0x4 global_commands.o
                0x000000000000030f                ledStr
 .progmem.data.helpStr
                0x0000000000000313        0x5 global_commands.o
                0x0000000000000313                helpStr
 .progmem.data.versionStr
                0x0000000000000318        0x8 global_commands.o
                0x0000000000000318                versionStr
                0x0000000000000320                . = ALIGN (0x2)
 *(.lowtext)
 *(.lowtext*)
                0x0000000000000320                __ctors_start = .
 *(.ctors)
                0x0000000000000320                __ctors_end = .
                0x0000000000000320                __dtors_start = .
 *(.dtors)
                0x0000000000000320                __dtors_end = .
 SORT_BY_NAME(*)(.ctors)
 SORT_BY_NAME(*)(.dtors)
 *(.init0)
 .init0         0x0000000000000320        0x0 /usr/lib/gcc/avr/9.2.0/../../../../avr/lib/avr5/crtatmega32u4.o
                0x0000000000000320                __init
 *(.init0)
 *(.init1)
 *(.init1)
 *(.init2)
 .init2         0x0000000000000320        0xc /usr/lib/gcc/avr/9.2.0/../../../../avr/lib/avr5/crtatmega32u4.o
 *(.init2)
 *(.init3)
 *(.init3)
 *(.init4)
 .init4         0x000000000000032c       0x16 /usr/lib/gcc/avr/9.2.0/avr5/libgcc.a(_copy_data.o)
                0x000000000000032c                __do_copy_data
 .init4         0x0000000000000342       0x10 /usr/lib/gcc/avr/9.2.0/avr5/libgcc.a(_clear_bss.o)
                0x0000000000000342                __do_clear_bss
 *(.init4)
 *(.init5)
 *(.init5)
 *(.init6)
 *(.init6)
 *(.init7)
 *(.init7)
 *(.init8)
 *(.init8)
 *(.init9)
 .init9         0x0000000000000352        0x8 /usr/lib/gcc/avr/9.2.0/../../../../avr/lib/avr5/crtatmega32u4.o
 *(.init9)
 *(.text)
 .text          0x000000000000035a        0x2 /usr/lib/gcc/avr/9.2.0/../../../../avr/lib/avr5/crtatmega32u4.o
                0x000000000000035a                __vector_38
                0x000000000000035a                __vector_22
                0x000000000000035a                __vector_28
                0x000000000000035a                __vector_1
                0x000000000000035a                __vector_32
                0x000000000000035a                __vector_34
                0x000000000000035a                __vector_24
                0x000000000000035a                __vector_12
                0x000000000000035a                __bad_interrupt
                0x000000000000035a                __vector_6
                0x000000000000035a                __vector_31
                0x000000000000035a                __vector_35
                0x000000000000035a                __vector_39
                0x000000000000035a                __vector_3
                0x000000000000035a                __vector_30
                0x000000000000035a                __vector_25
                0x000000000000035a                __vector_11
                0x000000000000035a                __vector_13
                0x000000000000035a                __vector_17
                0x000000000000035a                __vector_19
                0x000000000000035a                __vector_7
                0x000000000000035a                __vector_41
                0x000000000000035a                __vector_27
                0x000000000000035a                __vector_5
                0x000000000000035a                __vector_33
                0x000000000000035a                __vector_37
                0x000000000000035a                __vector_4
                0x000000000000035a                __vector_9
                0x000000000000035a                __vector_2
                0x000000000000035a                __vector_21
                0x000000000000035a                __vector_15
                0x000000000000035a                __vector_36
                0x000000000000035a                __vector_29
                0x000000000000035a                __vector_40
                0x000000000000035a                __vector_8
                0x000000000000035a                __vector_26
                0x000000000000035a                __vector_14
                0x000000000000035a                __vector_16
                0x000000000000035a                __vector_18
                0x000000000000035a                __vector_20
                0x000000000000035a                __vector_42
                0x000000000000035c                . = ALIGN (0x2)
 *(.text.*)
 .text.usbdev_cdc_putc
                0x000000000000035c       0x1a usbdev_cdc.o
                0x000000000000035c                usbdev_cdc_putc
 .text.usbdev_cdc_init
                0x0000000000000376        0x2 usbdev_cdc.o
                0x0000000000000376                usbdev_cdc_init
 .text.usbdev_cdc_device_connect
                0x0000000000000378       0x44 usbdev_cdc.o
                0x0000000000000378                usbdev_cdc_device_connect
 .text.usbdev_cdc_shutdown
                0x00000000000003bc        0x8 usbdev_cdc.o
                0x00000000000003bc                usbdev_cdc_shutdown
 .text.usbdev_cdc_tick
                0x00000000000003c4       0x4c usbdev_cdc.o
                0x00000000000003c4                usbdev_cdc_tick
 .text.usbdev_cdc_get_descriptor
                0x0000000000000410       0x62 usbdev_cdc.o
                0x0000000000000410                usbdev_cdc_get_descriptor
 .text.usbdev_cdc_device_configuration_changed
                0x0000000000000472        0x6 usbdev_cdc.o
                0x0000000000000472                usbdev_cdc_device_configuration_changed
 .text.usbdev_cdc_unhandled_control_request
                0x0000000000000478        0x6 usbdev_cdc.o
                0x0000000000000478                usbdev_cdc_unhandled_control_request
 .text.CDC_Device_Event_Stub
                0x000000000000047e        0x2 ../third-party/LUFA100513/LUFA/Drivers/USB/Class/Device/CDC.o
                0x000000000000047e                EVENT_CDC_Device_LineEncodingChanged
                0x000000000000047e                EVENT_CDC_Device_ControLineStateChanged
                0x000000000000047e                EVENT_CDC_Device_BreakSent
                0x000000000000047e                CDC_Device_Event_Stub
 .text.CDC_Device_ProcessControlRequest
                0x0000000000000480       0xcc ../third-party/LUFA100513/LUFA/Drivers/USB/Class/Device/CDC.o
                0x0000000000000480                CDC_Device_ProcessControlRequest
 .text.CDC_Device_ConfigureEndpoints
                0x000000000000054c       0x76 ../third-party/LUFA100513/LUFA/Drivers/USB/Class/Device/CDC.o
                0x000000000000054c                CDC_Device_ConfigureEndpoints
 .text.CDC_Device_SendByte
                0x00000000000005c2       0x4c ../third-party/LUFA100513/LUFA/Drivers/USB/Class/Device/CDC.o
                0x00000000000005c2                CDC_Device_SendByte
 .text.CDC_Device_Flush
                0x000000000000060e       0x58 ../third-party/LUFA100513/LUFA/Drivers/USB/Class/Device/CDC.o
                0x000000000000060e                CDC_Device_Flush
 .text.CDC_Device_USBTask
                0x0000000000000666       0x44 ../third-party/LUFA100513/LUFA/Drivers/USB/Class/Device/CDC.o
                0x0000000000000666                CDC_Device_USBTask
 .text.CDC_Device_BytesReceived
                0x00000000000006aa       0x50 ../third-party/LUFA100513/LUFA/Drivers/USB/Class/Device/CDC.o
                0x00000000000006aa                CDC_Device_BytesReceived
 .text.CDC_Device_ReceiveByte
                0x00000000000006fa       0x42 ../third-party/LUFA100513/LUFA/Drivers/USB/Class/Device/CDC.o
                0x00000000000006fa                CDC_Device_ReceiveByte
 .text.usbdev_init
                0x000000000000073c       0x24 usbdev.o
                0x000000000000073c                usbdev_init
 .text.usbdev_tick
                0x0000000000000760       0x14 usbdev.o
                0x0000000000000760                usbdev_tick
 .text.EVENT_USB_Device_Connect
                0x0000000000000774       0x12 usbdev.o
                0x0000000000000774                EVENT_USB_Device_Connect
 .text.EVENT_USB_Device_Disconnect
                0x0000000000000786       0x12 usbdev.o
                0x0000000000000786                EVENT_USB_Device_Disconnect
 .text.EVENT_USB_Device_ConfigurationChanged
                0x0000000000000798        0xc usbdev.o
                0x0000000000000798                EVENT_USB_Device_ConfigurationChanged
 .text.EVENT_USB_Device_UnhandledControlRequest
                0x00000000000007a4        0xc usbdev.o
                0x00000000000007a4                EVENT_USB_Device_UnhandledControlRequest
 .text.CALLBACK_USB_GetDescriptor
                0x00000000000007b0       0x10 usbdev.o
                0x00000000000007b0                CALLBACK_USB_GetDescriptor
 .text.USB_Device_ProcessControlRequest
                0x00000000000007c0      0x1fe ../third-party/LUFA100513/LUFA/Drivers/USB/LowLevel/DevChapter9.o
                0x00000000000007c0                USB_Device_ProcessControlRequest
 .text.Endpoint_BytesToEPSizeMaskDynamic
                0x00000000000009be       0x1c ../third-party/LUFA100513/LUFA/Drivers/USB/LowLevel/Endpoint.o
                0x00000000000009be                Endpoint_BytesToEPSizeMaskDynamic
 .text.Endpoint_ConfigureEndpoint_Prv
                0x00000000000009da       0x26 ../third-party/LUFA100513/LUFA/Drivers/USB/LowLevel/Endpoint.o
                0x00000000000009da                Endpoint_ConfigureEndpoint_Prv
 .text.Endpoint_ClearEndpoints
                0x0000000000000a00       0x2e ../third-party/LUFA100513/LUFA/Drivers/USB/LowLevel/Endpoint.o
                0x0000000000000a00                Endpoint_ClearEndpoints
 .text.Endpoint_ClearStatusStage
                0x0000000000000a2e       0x3e ../third-party/LUFA100513/LUFA/Drivers/USB/LowLevel/Endpoint.o
                0x0000000000000a2e                Endpoint_ClearStatusStage
 .text.Endpoint_WaitUntilReady
                0x0000000000000a6c       0x60 ../third-party/LUFA100513/LUFA/Drivers/USB/LowLevel/Endpoint.o
                0x0000000000000a6c                Endpoint_WaitUntilReady
 .text.Endpoint_Write_Control_Stream_LE
                0x0000000000000acc       0xb8 ../third-party/LUFA100513/LUFA/Drivers/USB/LowLevel/Endpoint.o
                0x0000000000000acc                Endpoint_Write_Control_Stream_LE
 .text.Endpoint_Write_Control_PStream_LE
                0x0000000000000b84       0xba ../third-party/LUFA100513/LUFA/Drivers/USB/LowLevel/Endpoint.o
                0x0000000000000b84                Endpoint_Write_Control_PStream_LE
 .text.Endpoint_Read_Control_Stream_LE
                0x0000000000000c3e       0x7c ../third-party/LUFA100513/LUFA/Drivers/USB/LowLevel/Endpoint.o
                0x0000000000000c3e                Endpoint_Read_Control_Stream_LE
 .text.USB_ResetInterface
                0x0000000000000cba       0x96 ../third-party/LUFA100513/LUFA/Drivers/USB/LowLevel/LowLevel.o
                0x0000000000000cba                USB_ResetInterface
 .text.USB_Init
                0x0000000000000d50       0x14 ../third-party/LUFA100513/LUFA/Drivers/USB/LowLevel/LowLevel.o
                0x0000000000000d50                USB_Init
 .text.USB_ShutDown
                0x0000000000000d64       0x3a ../third-party/LUFA100513/LUFA/Drivers/USB/LowLevel/LowLevel.o
                0x0000000000000d64                USB_ShutDown
 .text.USB_INT_DisableAllInterrupts
                0x0000000000000d9e       0x10 ../third-party/LUFA100513/LUFA/Drivers/USB/LowLevel/USBInterrupt.o
                0x0000000000000d9e                USB_INT_DisableAllInterrupts
 .text.USB_INT_ClearAllInterrupts
                0x0000000000000dae        0xa ../third-party/LUFA100513/LUFA/Drivers/USB/LowLevel/USBInterrupt.o
                0x0000000000000dae                USB_INT_ClearAllInterrupts
 .text.__vector_10
                0x0000000000000db8      0x17e ../third-party/LUFA100513/LUFA/Drivers/USB/LowLevel/USBInterrupt.o
                0x0000000000000db8                __vector_10
 .text.USB_Event_Stub
                0x0000000000000f36        0x2 ../third-party/LUFA100513/LUFA/Drivers/USB/HighLevel/Events.o
                0x0000000000000f36                EVENT_USB_Device_WakeUp
                0x0000000000000f36                USB_Event_Stub
                0x0000000000000f36                EVENT_USB_Device_Suspend
                0x0000000000000f36                EVENT_USB_Device_StartOfFrame
                0x0000000000000f36                EVENT_USB_Device_Reset
 .text.USB_USBTask
                0x0000000000000f38       0x24 ../third-party/LUFA100513/LUFA/Drivers/USB/HighLevel/USBTask.o
                0x0000000000000f38                USB_USBTask
 .text.hw_i2c_write_byte
                0x0000000000000f5c       0x2a hw_i2c.o
 .text.hw_i2c_read_bit
                0x0000000000000f86       0x2e hw_i2c.o
 .text.hw_i2c_init
                0x0000000000000fb4        0xe hw_i2c.o
                0x0000000000000fb4                hw_i2c_init
 .text.hw_i2c_shutdown
                0x0000000000000fc2        0x2 hw_i2c.o
                0x0000000000000fc2                hw_i2c_shutdown
 .text.hw_i2c_master_start
                0x0000000000000fc4       0x46 hw_i2c.o
                0x0000000000000fc4                hw_i2c_master_start
 .text.hw_i2c_master_stop
                0x000000000000100a       0x30 hw_i2c.o
                0x000000000000100a                hw_i2c_master_stop
 .text.hw_i2c_bus_clear
                0x000000000000103a        0x8 hw_i2c.o
                0x000000000000103a                hw_i2c_bus_clear
 .text.hw_i2c_master_tx
                0x0000000000001042       0x38 hw_i2c.o
                0x0000000000001042                hw_i2c_master_tx
 .text.hw_i2c_master_rx
                0x000000000000107a       0x84 hw_i2c.o
                0x000000000000107a                hw_i2c_master_rx
 .text.bus_i2c_start
                0x00000000000010fe        0x8 bus_i2c.o
 .text.bus_i2c_command
                0x0000000000001106       0x5c bus_i2c.o
 .text.bus_i2c_read
                0x0000000000001162       0x72 bus_i2c.o
 .text.bus_i2c_write
                0x00000000000011d4       0xa4 bus_i2c.o
 .text.bus_i2c_stop
                0x0000000000001278       0xac bus_i2c.o
 .text.bus_i2c_close
                0x0000000000001324        0x2 bus_i2c.o
 .text.bus_i2c_open
                0x0000000000001326       0x10 bus_i2c.o
 .text.hw_spi_init
                0x0000000000001336       0x14 hw_spi.o
                0x0000000000001336                hw_spi_init
 .text.hw_spi_shutdown
                0x000000000000134a        0x8 hw_spi.o
                0x000000000000134a                hw_spi_shutdown
 .text.hw_spi_write8
                0x0000000000001352        0xc hw_spi.o
                0x0000000000001352                hw_spi_write8
 .text.bus_spi_command
                0x000000000000135e        0x4 bus_spi.o
 .text.bus_spi_xact
                0x0000000000001362       0x26 bus_spi.o
 .text.bus_spi_read
                0x0000000000001388       0x16 bus_spi.o
 .text.bus_spi_stop
                0x000000000000139e        0xa bus_spi.o
 .text.bus_spi_start
                0x00000000000013a8        0xa bus_spi.o
 .text.bus_spi_write
                0x00000000000013b2       0x14 bus_spi.o
 .text.bus_spi_close
                0x00000000000013c6        0x2 bus_spi.o
 .text.bus_spi_open
                0x00000000000013c8        0x2 bus_spi.o
 .text.driver_tick
                0x00000000000013ca        0xa ninja.o
                0x00000000000013ca                driver_tick
 .text.startup.main
                0x00000000000013d4       0x44 ninja.o
                0x00000000000013d4                main
 .text.cpu_init
                0x0000000000001418       0x14 cpu.o
                0x0000000000001418                cpu_init
 .text.cpu_reset
                0x000000000000142c       0x16 cpu.o
                0x000000000000142c                cpu_reset
 .text.parse_number
                0x0000000000001442       0xec parse.o
                0x0000000000001442                parse_number
 .text.tok      0x000000000000152e       0x62 parse.o
                0x000000000000152e                tok
 .text.tok_num  0x0000000000001590       0x4a parse.o
                0x0000000000001590                tok_num
 .text.watchdog_init
                0x00000000000015da       0x1c watchdog.o
                0x00000000000015da                watchdog_init
 .text.watchdog_reset
                0x00000000000015f6        0x4 watchdog.o
                0x00000000000015f6                watchdog_reset
 .text.hw_led_set
                0x00000000000015fa        0x6 hw_led.o
                0x00000000000015fa                hw_led_set
 .text.led_seq_next
                0x0000000000001600       0x66 led.o
 .text.led_set_seq
                0x0000000000001666       0x1e led.o
                0x0000000000001666                led_set_seq
 .text.led_init
                0x0000000000001684        0x6 led.o
                0x0000000000001684                led_init
 .text.led_tick
                0x000000000000168a       0xc0 led.o
                0x000000000000168a                led_tick
 .text.__vector_23
                0x000000000000174a       0x46 tick.o
                0x000000000000174a                __vector_23
 .text.tick_init
                0x0000000000001790       0x16 tick.o
                0x0000000000001790                tick_init
 .text.tick_get
                0x00000000000017a6       0x2e tick.o
                0x00000000000017a6                tick_get
 .text.console_set_mode
                0x00000000000017d4       0x1e console.o
                0x00000000000017d4                console_set_mode
 .text.console_init
                0x00000000000017f2        0x4 console.o
                0x00000000000017f2                console_init
 .text.console_rx_ready_callback
                0x00000000000017f6       0x16 console.o
                0x00000000000017f6                console_rx_ready_callback
 .text.console_set_putc
                0x000000000000180c        0xa console.o
                0x000000000000180c                console_set_putc
 .text.console_putc
                0x0000000000001816       0x18 console.o
                0x0000000000001816                console_putc
 .text.console_newline
                0x000000000000182e        0x8 console.o
                0x000000000000182e                console_newline
 .text.console_rx_callback
                0x0000000000001836       0x80 console.o
                0x0000000000001836                console_rx_callback
 .text.console_puts_P
                0x00000000000018b6       0x20 console.o
                0x00000000000018b6                console_puts_P
 .text.console_tick
                0x00000000000018d6       0x30 console.o
                0x00000000000018d6                console_tick
 .text.console_puthex8
                0x0000000000001906       0x26 console.o
                0x0000000000001906                console_puthex8
 .text.console_put0x8
                0x000000000000192c       0x12 console.o
                0x000000000000192c                console_put0x8
 .text.console_putdec
                0x000000000000193e       0xe0 console.o
                0x000000000000193e                console_putdec
 .text.console_putbin
                0x0000000000001a1e       0x4a console.o
                0x0000000000001a1e                console_putbin
 .text.handle_command
                0x0000000000001a68      0x272 commands.o
 .text.execute_command_line
                0x0000000000001cda      0x108 commands.o
                0x0000000000001cda                execute_command_line
 .text.global_command_i2c
                0x0000000000001de2        0xa global_commands.o
 .text.global_command_spi
                0x0000000000001dec        0xa global_commands.o
 .text.global_command_reset
                0x0000000000001df6        0x6 global_commands.o
 .text.global_command_led
                0x0000000000001dfc       0x62 global_commands.o
 .text.global_command_help
                0x0000000000001e5e       0x54 global_commands.o
 .text.global_command_version
                0x0000000000001eb2        0xc global_commands.o
 .text.bus_init
                0x0000000000001ebe       0x3e bus.o
                0x0000000000001ebe                bus_init
 .text.bus_out  0x0000000000001efc       0x70 bus.o
                0x0000000000001efc                bus_out
 .text.bus_log_putc
                0x0000000000001f6c        0xa bus.o
                0x0000000000001f6c                bus_log_putc
 .text.bus_log_puthex8
                0x0000000000001f76        0xa bus.o
                0x0000000000001f76                bus_log_puthex8
 .text.bus_log_put0x8
                0x0000000000001f80        0xa bus.o
                0x0000000000001f80                bus_log_put0x8
 .text.bus_log_puts_P
                0x0000000000001f8a        0xa bus.o
                0x0000000000001f8a                bus_log_puts_P
 .text.bus_log_newline
                0x0000000000001f94        0xa bus.o
                0x0000000000001f94                bus_log_newline
 .text.libgcc.div
                0x0000000000001f9e       0x28 /usr/lib/gcc/avr/9.2.0/avr5/libgcc.a(_udivmodhi4.o)
                0x0000000000001f9e                __udivmodhi4
 .text.libgcc.div
                0x0000000000001fc6       0x26 /usr/lib/gcc/avr/9.2.0/avr5/libgcc.a(_divmodhi4.o)
                0x0000000000001fc6                __divmodhi4
                0x0000000000001fc6                _div
 .text.libgcc.div
                0x0000000000001fec       0x44 /usr/lib/gcc/avr/9.2.0/avr5/libgcc.a(_udivmodsi4.o)
                0x0000000000001fec                __udivmodsi4
 .text.libgcc   0x0000000000002030        0xc /usr/lib/gcc/avr/9.2.0/avr5/libgcc.a(_tablejump2.o)
                0x0000000000002030                __tablejump2__
 .text.libgcc.mul
                0x000000000000203c       0x14 /usr/lib/gcc/avr/9.2.0/avr5/libgcc.a(_muluhisi3.o)
                0x000000000000203c                __muluhisi3
 .text.libgcc.mul
                0x0000000000002050       0x1e /usr/lib/gcc/avr/9.2.0/avr5/libgcc.a(_umulhisi3.o)
                0x0000000000002050                __umulhisi3
 .text.avr-libc
                0x000000000000206e       0x1a /usr/lib/gcc/avr/9.2.0/../../../../avr/lib/avr5/libc.a(memcmp_P.o)
                0x000000000000206e                memcmp_P
 .text.avr-libc
                0x0000000000002088       0x12 /usr/lib/gcc/avr/9.2.0/../../../../avr/lib/avr5/libc.a(memcpy_P.o)
                0x0000000000002088                memcpy_P
 .text.avr-libc
                0x000000000000209a       0x12 /usr/lib/gcc/avr/9.2.0/../../../../avr/lib/avr5/libc.a(strlen_P.o)
                0x000000000000209a                __strlen_P
                0x00000000000020ac                . = ALIGN (0x2)
 *(.fini9)
 .fini9         0x00000000000020ac        0x0 /usr/lib/gcc/avr/9.2.0/avr5/libgcc.a(_exit.o)
                0x00000000000020ac                exit
                0x00000000000020ac                _exit
 *(.fini9)
 *(.fini8)
 *(.fini8)
 *(.fini7)
 *(.fini7)
 *(.fini6)
 *(.fini6)
 *(.fini5)
 *(.fini5)
 *(.fini4)
 *(.fini4)
 *(.fini3)
 *(.fini3)
 *(.fini2)
 *(.fini2)
 *(.fini1)
 *(.fini1)
 *(.fini0)
 .fini0         0x00000000000020ac        0x4 /usr/lib/gcc/avr/9.2.0/avr5/libgcc.a(_exit.o)
 *(.fini0)
 *(.hightext)
 *(.hightext*)
 *(.progmemx.*)
                0x00000000000020b0                . = ALIGN (0x2)
 *(.jumptables)
 *(.jumptables*)
 .jumptables.gcc.USB_Device_ProcessControlRequest
                0x00000000000020b0       0x14 ../third-party/LUFA100513/LUFA/Drivers/USB/LowLevel/DevChapter9.o
                0x00000000000020c4                _etext = .

.data           0x0000000000800100       0x3a load address 0x00000000000020c4
                0x0000000000800100                PROVIDE (__data_start = .)
 *(.data)
 *(.data*)
 .data.VirtualSerial_CDC_Interface
                0x0000000000800100       0x16 usbdev_cdc.o
 .data.hw_led_brightness
                0x0000000000800116        0x1 hw_led.o
 .data.echo     0x0000000000800117        0x1 console.o
 .data.log_enabled
                0x0000000000800118        0x1 bus.o
 *(.gnu.linkonce.d*)
 *(.rodata)
 *(.rodata*)
 .rodata.bus_i2c
                0x0000000000800119       0x10 bus_i2c.o
                0x0000000000800119                bus_i2c
 .rodata.bus_spi
                0x0000000000800129       0x10 bus_spi.o
                0x0000000000800129                bus_spi
 *(.gnu.linkonce.r*)
                0x000000000080013a                . = ALIGN (0x2)
 *fill*         0x0000000000800139        0x1 
                0x000000000080013a                _edata = .
                0x000000000080013a                PROVIDE (__data_end = .)

.bss            0x000000000080013a       0x75
                0x000000000080013a                PROVIDE (__bss_start = .)
 *(.bss)
 *(.bss*)
 .bss.connected
                0x000000000080013a        0x1 usbdev_cdc.o
 .bss.rx_ready_cb
                0x000000000080013b        0x2 usbdev_cdc.o
 .bss.rx_cb     0x000000000080013d        0x2 usbdev_cdc.o
 .bss.connected
                0x000000000080013f        0x1 usbdev.o
 .bss.usbMode   0x0000000000800140        0x1 usbdev.o
 .bss.hold_bus  0x0000000000800141        0x1 hw_i2c.o
 .bss.pending_data
                0x0000000000800142        0x1 bus_i2c.o
 .bss.state     0x0000000000800143        0x1 bus_i2c.o
 .bss.seq_dur   0x0000000000800144        0x2 led.o
 .bss.seq_interp_B
                0x0000000000800146        0x2 led.o
 .bss.seq_interp_A
                0x0000000000800148        0x2 led.o
 .bss.t         0x000000000080014a        0x1 led.o
 .bss.step_timer
                0x000000000080014b        0x4 led.o
 .bss.seq_index
                0x000000000080014f        0x1 led.o
 .bss.cur_seq   0x0000000000800150        0x2 led.o
 .bss.ticks     0x0000000000800152        0x4 tick.o
 .bss.last_key  0x0000000000800156        0x1 console.o
 .bss.got_key   0x0000000000800157        0x1 console.o
 .bss.silent    0x0000000000800158        0x1 console.o
 .bss.got_line  0x0000000000800159        0x1 console.o
 .bss.cmdbuf    0x000000000080015a       0x40 console.o
 .bss.cmdbuf_len
                0x000000000080019a        0x1 console.o
 .bss.console_mode
                0x000000000080019b        0x1 console.o
 .bss.putcf     0x000000000080019c        0x2 console.o
 .bss.duplex    0x000000000080019e        0x1 commands.o
 .bss.outmode   0x000000000080019f        0x1 bus.o
 .bss.current_bus
                0x00000000008001a0        0x2 bus.o
                0x00000000008001a0                current_bus
 *(COMMON)
 COMMON         0x00000000008001a2        0x3 ../third-party/LUFA100513/LUFA/Drivers/USB/LowLevel/DevChapter9.o
                0x00000000008001a2                USB_CurrentlySelfPowered
                0x00000000008001a3                USB_RemoteWakeupEnabled
                0x00000000008001a4                USB_ConfigurationNumber
 COMMON         0x00000000008001a5        0xa ../third-party/LUFA100513/LUFA/Drivers/USB/HighLevel/USBTask.o
                0x00000000008001a5                USB_IsInitialized
                0x00000000008001a6                USB_DeviceState
                0x00000000008001a7                USB_ControlRequest
                0x00000000008001af                PROVIDE (__bss_end = .)
                0x00000000000020c4                __data_load_start = LOADADDR (.data)
                0x00000000000020fe                __data_load_end = (__data_load_start + SIZEOF (.data))

.noinit         0x00000000008001af        0x0
                [!provide]                        PROVIDE (__noinit_start = .)
 *(.noinit*)
                [!provide]                        PROVIDE (__noinit_end = .)
                0x00000000008001af                _end = .
                [!provide]                        PROVIDE (__heap_start = .)

.eeprom         0x0000000000810000        0x0
 *(.eeprom*)
                0x0000000000810000                __eeprom_end = .

.fuse
 *(.fuse)
 *(.lfuse)
 *(.hfuse)
 *(.efuse)

.lock
 *(.lock*)

.signature
 *(.signature*)

.stab
 *(.stab)

.stabstr
 *(.stabstr)

.stab.excl
 *(.stab.excl)

.stab.exclstr
 *(.stab.exclstr)

.stab.index
 *(.stab.index)

.stab.indexstr
 *(.stab.indexstr)

.comment        0x0000000000000000       0x11
 *(.comment)
 .comment       0x0000000000000000       0x11 usbdev_cdc.o
                                         0x12 (size before relaxing)
 .comment       0x0000000000000011       0x12 ../third-party/LUFA100513/LUFA/Drivers/USB/Class/Device/CDC.o
 .comment       0x0000000000000011       0x12 usbdev.o
 .comment       0x0000000000000011       0x12 ../third-party/LUFA100513/LUFA/Drivers/USB/LowLevel/DevChapter9.o
 .comment       0x0000000000000011       0x12 ../third-party/LUFA100513/LUFA/Drivers/USB/LowLevel/Endpoint.o
 .comment       0x0000000000000011       0x12 ../third-party/LUFA100513/LUFA/Drivers/USB/LowLevel/LowLevel.o
 .comment       0x0000000000000011       0x12 ../third-party/LUFA100513/LUFA/Drivers/USB/LowLevel/USBInterrupt.o
 .comment       0x0000000000000011       0x12 ../third-party/LUFA100513/LUFA/Drivers/USB/HighLevel/Events.o
 .comment       0x0000000000000011       0x12 ../third-party/LUFA100513/LUFA/Drivers/USB/HighLevel/USBTask.o
 .comment       0x0000000000000011       0x12 hw_i2c.o
 .comment       0x0000000000000011       0x12 bus_i2c.o
 .comment       0x0000000000000011       0x12 hw_spi.o
 .comment       0x0000000000000011       0x12 bus_spi.o
 .comment       0x0000000000000011       0x12 ninja.o
 .comment       0x0000000000000011       0x12 cpu.o
 .comment       0x0000000000000011       0x12 parse.o
 .comment       0x0000000000000011       0x12 watchdog.o
 .comment       0x0000000000000011       0x12 hw_led.o
 .comment       0x0000000000000011       0x12 led.o
 .comment       0x0000000000000011       0x12 tick.o
 .comment       0x0000000000000011       0x12 console.o
 .comment       0x0000000000000011       0x12 commands.o
 .comment       0x0000000000000011       0x12 global_commands.o
 .comment       0x0000000000000011       0x12 bus.o

.note.gnu.avr.deviceinfo
                0x0000000000000000       0x40
 .note.gnu.avr.deviceinfo
                0x0000000000000000       0x40 /usr/lib/gcc/avr/9.2.0/../../../../avr/lib/avr5/crtatmega32u4.o

.note.gnu.build-id
 *(.note.gnu.build-id)

.debug
 *(.debug)

.line
 *(.line)

.debug_srcinfo
 *(.debug_srcinfo)

.debug_sfnames
 *(.debug_sfnames)

.debug_aranges
 *(.debug_aranges)

.debug_pubnames
 *(.debug_pubnames)

.debug_info     0x0000000000000000      0x9f4
 *(.debug_info .gnu.linkonce.wi.*)
 .debug_info    0x0000000000000000      0x9f4 /usr/lib/gcc/avr/9.2.0/../../../../avr/lib/avr5/crtatmega32u4.o

.debug_abbrev   0x0000000000000000      0x96a
 *(.debug_abbrev)
 .debug_abbrev  0x0000000000000000      0x96a /usr/lib/gcc/avr/9.2.0/../../../../avr/lib/avr5/crtatmega32u4.o

.debug_line     0x0000000000000000       0x1d
 *(.debug_line .debug_line.* .debug_line_end)
 .debug_line    0x0000000000000000       0x1d /usr/lib/gcc/avr/9.2.0/../../../../avr/lib/avr5/crtatmega32u4.o

.debug_frame
 *(.debug_frame)

.debug_str      0x0000000000000000      0x371
 *(.debug_str)
 .debug_str     0x0000000000000000      0x371 /usr/lib/gcc/avr/9.2.0/../../../../avr/lib/avr5/crtatmega32u4.o

.debug_loc
 *(.debug_loc)

.debug_macinfo
 *(.debug_macinfo)

.debug_weaknames
 *(.debug_weaknames)

.debug_funcnames
 *(.debug_funcnames)

.debug_typenames
 *(.debug_typenames)

.debug_varnames
 *(.debug_varnames)

.debug_pubtypes
 *(.debug_pubtypes)

.debug_ranges
 *(.debug_ranges)

.debug_macro
 *(.debug_macro)

.debug_addr
 *(.debug_addr)
OUTPUT(ninja.elf elf32-avr)
LOAD linker stubs

Cross Reference Table

Symbol                                            File
BAT_str                                           menu.o
CALLBACK_USB_GetDescriptor                        usbdev.o
                                                  ../third-party/LUFA100513/LUFA/Drivers/USB/LowLevel/DevChapter9.o
CDC_Device_BytesReceived                          ../third-party/LUFA100513/LUFA/Drivers/USB/Class/Device/CDC.o
                                                  usbdev_cdc.o
CDC_Device_ConfigureEndpoints                     ../third-party/LUFA100513/LUFA/Drivers/USB/Class/Device/CDC.o
                                                  usbdev_cdc.o
CDC_Device_CreateBlockingStream                   ../third-party/LUFA100513/LUFA/Drivers/USB/Class/Device/CDC.o
CDC_Device_CreateStream                           ../third-party/LUFA100513/LUFA/Drivers/USB/Class/Device/CDC.o
CDC_Device_Event_Stub                             ../third-party/LUFA100513/LUFA/Drivers/USB/Class/Device/CDC.o
CDC_Device_Flush                                  ../third-party/LUFA100513/LUFA/Drivers/USB/Class/Device/CDC.o
CDC_Device_ProcessControlRequest                  ../third-party/LUFA100513/LUFA/Drivers/USB/Class/Device/CDC.o
                                                  usbdev_cdc.o
CDC_Device_ReceiveByte                            ../third-party/LUFA100513/LUFA/Drivers/USB/Class/Device/CDC.o
                                                  usbdev_cdc.o
CDC_Device_SendByte                               ../third-party/LUFA100513/LUFA/Drivers/USB/Class/Device/CDC.o
                                                  usbdev_cdc.o
CDC_Device_SendControlLineStateChange             ../third-party/LUFA100513/LUFA/Drivers/USB/Class/Device/CDC.o
CDC_Device_SendString                             ../third-party/LUFA100513/LUFA/Drivers/USB/Class/Device/CDC.o
CDC_Device_USBTask                                ../third-party/LUFA100513/LUFA/Drivers/USB/Class/Device/CDC.o
                                                  usbdev_cdc.o
ConfigurationDescriptor_CDC                       usbdev_cdc.o
DeviceDescriptor                                  usbdev.o
                                                  usbdev_cdc.o
EVENT_CDC_Device_BreakSent                        ../third-party/LUFA100513/LUFA/Drivers/USB/Class/Device/CDC.o
EVENT_CDC_Device_ControLineStateChanged           ../third-party/LUFA100513/LUFA/Drivers/USB/Class/Device/CDC.o
EVENT_CDC_Device_LineEncodingChanged              ../third-party/LUFA100513/LUFA/Drivers/USB/Class/Device/CDC.o
EVENT_USB_Device_ConfigurationChanged             usbdev.o
                                                  ../third-party/LUFA100513/LUFA/Drivers/USB/LowLevel/DevChapter9.o
EVENT_USB_Device_Connect                          usbdev.o
                                                  ../third-party/LUFA100513/LUFA/Drivers/USB/LowLevel/USBInterrupt.o
EVENT_USB_Device_Disconnect                       usbdev.o
                                                  ../third-party/LUFA100513/LUFA/Drivers/USB/LowLevel/USBInterrupt.o
EVENT_USB_Device_Reset                            ../third-party/LUFA100513/LUFA/Drivers/USB/HighLevel/Events.o
                                                  ../third-party/LUFA100513/LUFA/Drivers/USB/LowLevel/USBInterrupt.o
EVENT_USB_Device_StartOfFrame                     ../third-party/LUFA100513/LUFA/Drivers/USB/HighLevel/Events.o
                                                  ../third-party/LUFA100513/LUFA/Drivers/USB/LowLevel/USBInterrupt.o
EVENT_USB_Device_Suspend                          ../third-party/LUFA100513/LUFA/Drivers/USB/HighLevel/Events.o
                                                  ../third-party/LUFA100513/LUFA/Drivers/USB/LowLevel/USBInterrupt.o
EVENT_USB_Device_UnhandledControlRequest          usbdev.o
                                                  ../third-party/LUFA100513/LUFA/Drivers/USB/LowLevel/DevChapter9.o
EVENT_USB_Device_WakeUp                           ../third-party/LUFA100513/LUFA/Drivers/USB/HighLevel/Events.o
                                                  ../third-party/LUFA100513/LUFA/Drivers/USB/LowLevel/USBInterrupt.o
Endpoint_BytesToEPSizeMaskDynamic                 ../third-party/LUFA100513/LUFA/Drivers/USB/LowLevel/Endpoint.o
                                                  ../third-party/LUFA100513/LUFA/Drivers/USB/Class/Device/CDC.o
Endpoint_ClearEndpoints                           ../third-party/LUFA100513/LUFA/Drivers/USB/LowLevel/Endpoint.o
                                                  ../third-party/LUFA100513/LUFA/Drivers/USB/LowLevel/USBInterrupt.o
Endpoint_ClearStatusStage                         ../third-party/LUFA100513/LUFA/Drivers/USB/LowLevel/Endpoint.o
                                                  ../third-party/LUFA100513/LUFA/Drivers/USB/LowLevel/DevChapter9.o
                                                  ../third-party/LUFA100513/LUFA/Drivers/USB/Class/Device/CDC.o
Endpoint_ConfigureEndpoint_Prv                    ../third-party/LUFA100513/LUFA/Drivers/USB/LowLevel/Endpoint.o
                                                  ../third-party/LUFA100513/LUFA/Drivers/USB/LowLevel/USBInterrupt.o
                                                  ../third-party/LUFA100513/LUFA/Drivers/USB/Class/Device/CDC.o
Endpoint_Discard_Stream                           ../third-party/LUFA100513/LUFA/Drivers/USB/LowLevel/Endpoint.o
Endpoint_Read_Control_EStream_BE                  ../third-party/LUFA100513/LUFA/Drivers/USB/LowLevel/Endpoint.o
Endpoint_Read_Control_EStream_LE                  ../third-party/LUFA100513/LUFA/Drivers/USB/LowLevel/Endpoint.o
Endpoint_Read_Control_Stream_BE                   ../third-party/LUFA100513/LUFA/Drivers/USB/LowLevel/Endpoint.o
Endpoint_Read_Control_Stream_LE                   ../third-party/LUFA100513/LUFA/Drivers/USB/LowLevel/Endpoint.o
                                                  ../third-party/LUFA100513/LUFA/Drivers/USB/Class/Device/CDC.o
Endpoint_Read_EStream_BE                          ../third-party/LUFA100513/LUFA/Drivers/USB/LowLevel/Endpoint.o
Endpoint_Read_EStream_LE                          ../third-party/LUFA100513/LUFA/Drivers/USB/LowLevel/Endpoint.o
Endpoint_Read_Stream_BE                           ../third-party/LUFA100513/LUFA/Drivers/USB/LowLevel/Endpoint.o
Endpoint_Read_Stream_LE                           ../third-party/LUFA100513/LUFA/Drivers/USB/LowLevel/Endpoint.o
Endpoint_WaitUntilReady                           ../third-party/LUFA100513/LUFA/Drivers/USB/LowLevel/Endpoint.o
                                                  ../third-party/LUFA100513/LUFA/Drivers/USB/Class/Device/CDC.o
Endpoint_Write_Control_EStream_BE                 ../third-party/LUFA100513/LUFA/Drivers/USB/LowLevel/Endpoint.o
Endpoint_Write_Control_EStream_LE                 ../third-party/LUFA100513/LUFA/Drivers/USB/LowLevel/Endpoint.o
Endpoint_Write_Control_PStream_BE                 ../third-party/LUFA100513/LUFA/Drivers/USB/LowLevel/Endpoint.o
Endpoint_Write_Control_PStream_LE                 ../third-party/LUFA100513/LUFA/Drivers/USB/LowLevel/Endpoint.o
                                                  ../third-party/LUFA100513/LUFA/Drivers/USB/LowLevel/DevChapter9.o
Endpoint_Write_Control_Stream_BE                  ../third-party/LUFA100513/LUFA/Drivers/USB/LowLevel/Endpoint.o
Endpoint_Write_Control_Stream_LE                  ../third-party/LUFA100513/LUFA/Drivers/USB/LowLevel/Endpoint.o
                                                  ../third-party/LUFA100513/LUFA/Drivers/USB/Class/Device/CDC.o
Endpoint_Write_EStream_BE                         ../third-party/LUFA100513/LUFA/Drivers/USB/LowLevel/Endpoint.o
Endpoint_Write_EStream_LE                         ../third-party/LUFA100513/LUFA/Drivers/USB/LowLevel/Endpoint.o
Endpoint_Write_PStream_BE                         ../third-party/LUFA100513/LUFA/Drivers/USB/LowLevel/Endpoint.o
Endpoint_Write_PStream_LE                         ../third-party/LUFA100513/LUFA/Drivers/USB/LowLevel/Endpoint.o
Endpoint_Write_Stream_BE                          ../third-party/LUFA100513/LUFA/Drivers/USB/LowLevel/Endpoint.o
Endpoint_Write_Stream_LE                          ../third-party/LUFA100513/LUFA/Drivers/USB/LowLevel/Endpoint.o
                                                  ../third-party/LUFA100513/LUFA/Drivers/USB/Class/Device/CDC.o
LanguageString                                    usbdev.o
                                                  usbdev_cdc.o
MY_MENU_CAT_str                                   menu.o
MY_MENU_DOG_str                                   menu.o
MY_MENU_RAT_str                                   menu.o
ManufacturerString                                usbdev.o
                                                  usbdev_cdc.o
PIG_str                                           menu.o
ProductString                                     usbdev.o
                                                  usbdev_cdc.o
UNIVERSE_str                                      menu.o
USB_ConfigurationNumber                           ../third-party/LUFA100513/LUFA/Drivers/USB/LowLevel/DevChapter9.o
                                                  ../third-party/LUFA100513/LUFA/Drivers/USB/LowLevel/USBInterrupt.o
                                                  ../third-party/LUFA100513/LUFA/Drivers/USB/LowLevel/LowLevel.o
USB_ControlRequest                                ../third-party/LUFA100513/LUFA/Drivers/USB/HighLevel/USBTask.o
                                                  ../third-party/LUFA100513/LUFA/Drivers/USB/LowLevel/Endpoint.o
                                                  ../third-party/LUFA100513/LUFA/Drivers/USB/LowLevel/DevChapter9.o
                                                  ../third-party/LUFA100513/LUFA/Drivers/USB/Class/Device/CDC.o
USB_CurrentlySelfPowered                          ../third-party/LUFA100513/LUFA/Drivers/USB/LowLevel/DevChapter9.o
                                                  ../third-party/LUFA100513/LUFA/Drivers/USB/LowLevel/LowLevel.o
USB_DeviceState                                   ../third-party/LUFA100513/LUFA/Drivers/USB/HighLevel/USBTask.o
                                                  ../third-party/LUFA100513/LUFA/Drivers/USB/LowLevel/USBInterrupt.o
                                                  ../third-party/LUFA100513/LUFA/Drivers/USB/LowLevel/LowLevel.o
                                                  ../third-party/LUFA100513/LUFA/Drivers/USB/LowLevel/Endpoint.o
                                                  ../third-party/LUFA100513/LUFA/Drivers/USB/LowLevel/DevChapter9.o
                                                  ../third-party/LUFA100513/LUFA/Drivers/USB/Class/Device/CDC.o
USB_Device_ProcessControlRequest                  ../third-party/LUFA100513/LUFA/Drivers/USB/LowLevel/DevChapter9.o
                                                  ../third-party/LUFA100513/LUFA/Drivers/USB/HighLevel/USBTask.o
USB_Event_Stub                                    ../third-party/LUFA100513/LUFA/Drivers/USB/HighLevel/Events.o
USB_GetNextDescriptorComp                         ../third-party/LUFA100513/LUFA/Drivers/USB/HighLevel/ConfigDescriptor.o
USB_GetNextDescriptorOfType                       ../third-party/LUFA100513/LUFA/Drivers/USB/HighLevel/ConfigDescriptor.o
USB_GetNextDescriptorOfTypeAfter                  ../third-party/LUFA100513/LUFA/Drivers/USB/HighLevel/ConfigDescriptor.o
USB_GetNextDescriptorOfTypeBefore                 ../third-party/LUFA100513/LUFA/Drivers/USB/HighLevel/ConfigDescriptor.o
USB_INT_ClearAllInterrupts                        ../third-party/LUFA100513/LUFA/Drivers/USB/LowLevel/USBInterrupt.o
                                                  ../third-party/LUFA100513/LUFA/Drivers/USB/LowLevel/LowLevel.o
USB_INT_DisableAllInterrupts                      ../third-party/LUFA100513/LUFA/Drivers/USB/LowLevel/USBInterrupt.o
                                                  ../third-party/LUFA100513/LUFA/Drivers/USB/LowLevel/LowLevel.o
USB_Init                                          ../third-party/LUFA100513/LUFA/Drivers/USB/LowLevel/LowLevel.o
                                                  usbdev.o
USB_IsInitialized                                 ../third-party/LUFA100513/LUFA/Drivers/USB/HighLevel/USBTask.o
                                                  ../third-party/LUFA100513/LUFA/Drivers/USB/LowLevel/LowLevel.o
USB_RemoteWakeupEnabled                           ../third-party/LUFA100513/LUFA/Drivers/USB/LowLevel/DevChapter9.o
                                                  ../third-party/LUFA100513/LUFA/Drivers/USB/LowLevel/LowLevel.o
USB_ResetInterface                                ../third-party/LUFA100513/LUFA/Drivers/USB/LowLevel/LowLevel.o
USB_ShutDown                                      ../third-party/LUFA100513/LUFA/Drivers/USB/LowLevel/LowLevel.o
                                                  usbdev.o
USB_USBTask                                       ../third-party/LUFA100513/LUFA/Drivers/USB/HighLevel/USBTask.o
                                                  usbdev.o
                                                  ../third-party/LUFA100513/LUFA/Drivers/USB/Class/Device/CDC.o
                                                  usbdev_cdc.o
__bad_interrupt                                   /usr/lib/gcc/avr/9.2.0/../../../../avr/lib/avr5/crtatmega32u4.o
__bss_end                                         /usr/lib/gcc/avr/9.2.0/avr5/libgcc.a(_clear_bss.o)
__bss_start                                       /usr/lib/gcc/avr/9.2.0/avr5/libgcc.a(_clear_bss.o)
__data_end                                        /usr/lib/gcc/avr/9.2.0/avr5/libgcc.a(_copy_data.o)
__data_load_start                                 /usr/lib/gcc/avr/9.2.0/avr5/libgcc.a(_copy_data.o)
__data_start                                      /usr/lib/gcc/avr/9.2.0/avr5/libgcc.a(_copy_data.o)
__divmodhi4                                       /usr/lib/gcc/avr/9.2.0/avr5/libgcc.a(_divmodhi4.o)
                                                  led.o
__do_clear_bss                                    /usr/lib/gcc/avr/9.2.0/avr5/libgcc.a(_clear_bss.o)
                                                  bus.o
                                                  commands.o
                                                  console.o
                                                  tick.o
                                                  led.o
                                                  bus_i2c.o
                                                  hw_i2c.o
                                                  ../third-party/LUFA100513/LUFA/Drivers/USB/HighLevel/USBTask.o
                                                  ../third-party/LUFA100513/LUFA/Drivers/USB/LowLevel/DevChapter9.o
                                                  usbdev.o
                                                  usbdev_cdc.o
__do_copy_data                                    /usr/lib/gcc/avr/9.2.0/avr5/libgcc.a(_copy_data.o)
                                                  bus.o
                                                  console.o
                                                  hw_led.o
                                                  bus_spi.o
                                                  bus_i2c.o
                                                  ../third-party/LUFA100513/LUFA/Drivers/USB/Class/Device/CDC.o
                                                  usbdev_cdc.o
__heap_end                                        /usr/lib/gcc/avr/9.2.0/../../../../avr/lib/avr5/crtatmega32u4.o
__init                                            /usr/lib/gcc/avr/9.2.0/../../../../avr/lib/avr5/crtatmega32u4.o
__muluhisi3                                       /usr/lib/gcc/avr/9.2.0/avr5/libgcc.a(_muluhisi3.o)
                                                  parse.o
__stack                                           /usr/lib/gcc/avr/9.2.0/../../../../avr/lib/avr5/crtatmega32u4.o
__strlen_P                                        /usr/lib/gcc/avr/9.2.0/../../../../avr/lib/avr5/libc.a(strlen_P.o)
                                                  commands.o
__tablejump2__                                    /usr/lib/gcc/avr/9.2.0/avr5/libgcc.a(_tablejump2.o)
                                                  ../third-party/LUFA100513/LUFA/Drivers/USB/LowLevel/DevChapter9.o
__udivmodhi4                                      /usr/lib/gcc/avr/9.2.0/avr5/libgcc.a(_udivmodhi4.o)
                                                  /usr/lib/gcc/avr/9.2.0/avr5/libgcc.a(_divmodhi4.o)
                                                  led.o
__udivmodsi4                                      /usr/lib/gcc/avr/9.2.0/avr5/libgcc.a(_udivmodsi4.o)
                                                  console.o
__umulhisi3                                       /usr/lib/gcc/avr/9.2.0/avr5/libgcc.a(_umulhisi3.o)
                                                  /usr/lib/gcc/avr/9.2.0/avr5/libgcc.a(_muluhisi3.o)
__vector_1                                        /usr/lib/gcc/avr/9.2.0/../../../../avr/lib/avr5/crtatmega32u4.o
__vector_10                                       ../third-party/LUFA100513/LUFA/Drivers/USB/LowLevel/USBInterrupt.o
                                                  /usr/lib/gcc/avr/9.2.0/../../../../avr/lib/avr5/crtatmega32u4.o
__vector_11                                       /usr/lib/gcc/avr/9.2.0/../../../../avr/lib/avr5/crtatmega32u4.o
__vector_12                                       /usr/lib/gcc/avr/9.2.0/../../../../avr/lib/avr5/crtatmega32u4.o
__vector_13                                       /usr/lib/gcc/avr/9.2.0/../../../../avr/lib/avr5/crtatmega32u4.o
__vector_14                                       /usr/lib/gcc/avr/9.2.0/../../../../avr/lib/avr5/crtatmega32u4.o
__vector_15                                       /usr/lib/gcc/avr/9.2.0/../../../../avr/lib/avr5/crtatmega32u4.o
__vector_16                                       /usr/lib/gcc/avr/9.2.0/../../../../avr/lib/avr5/crtatmega32u4.o
__vector_17                                       /usr/lib/gcc/avr/9.2.0/../../../../avr/lib/avr5/crtatmega32u4.o
__vector_18                                       /usr/lib/gcc/avr/9.2.0/../../../../avr/lib/avr5/crtatmega32u4.o
__vector_19                                       /usr/lib/gcc/avr/9.2.0/../../../../avr/lib/avr5/crtatmega32u4.o
__vector_2                                        /usr/lib/gcc/avr/9.2.0/../../../../avr/lib/avr5/crtatmega32u4.o
__vector_20                                       /usr/lib/gcc/avr/9.2.0/../../../../avr/lib/avr5/crtatmega32u4.o
__vector_21                                       /usr/lib/gcc/avr/9.2.0/../../../../avr/lib/avr5/crtatmega32u4.o
__vector_22                                       /usr/lib/gcc/avr/9.2.0/../../../../avr/lib/avr5/crtatmega32u4.o
__vector_23                                       tick.o
                                                  /usr/lib/gcc/avr/9.2.0/../../../../avr/lib/avr5/crtatmega32u4.o
__vector_24                                       /usr/lib/gcc/avr/9.2.0/../../../../avr/lib/avr5/crtatmega32u4.o
__vector_25                                       /usr/lib/gcc/avr/9.2.0/../../../../avr/lib/avr5/crtatmega32u4.o
__vector_26                                       /usr/lib/gcc/avr/9.2.0/../../../../avr/lib/avr5/crtatmega32u4.o
__vector_27                                       /usr/lib/gcc/avr/9.2.0/../../../../avr/lib/avr5/crtatmega32u4.o
__vector_28                                       /usr/lib/gcc/avr/9.2.0/../../../../avr/lib/avr5/crtatmega32u4.o
__vector_29                                       /usr/lib/gcc/avr/9.2.0/../../../../avr/lib/avr5/crtatmega32u4.o
__vector_3                                        /usr/lib/gcc/avr/9.2.0/../../../../avr/lib/avr5/crtatmega32u4.o
__vector_30                                       /usr/lib/gcc/avr/9.2.0/../../../../avr/lib/avr5/crtatmega32u4.o
__vector_31                                       /usr/lib/gcc/avr/9.2.0/../../../../avr/lib/avr5/crtatmega32u4.o
__vector_32                                       /usr/lib/gcc/avr/9.2.0/../../../../avr/lib/avr5/crtatmega32u4.o
__vector_33                                       /usr/lib/gcc/avr/9.2.0/../../../../avr/lib/avr5/crtatmega32u4.o
__vector_34                                       /usr/lib/gcc/avr/9.2.0/../../../../avr/lib/avr5/crtatmega32u4.o
__vector_35                                       /usr/lib/gcc/avr/9.2.0/../../../../avr/lib/avr5/crtatmega32u4.o
__vector_36                                       /usr/lib/gcc/avr/9.2.0/../../../../avr/lib/avr5/crtatmega32u4.o
__vector_37                                       /usr/lib/gcc/avr/9.2.0/../../../../avr/lib/avr5/crtatmega32u4.o
__vector_38                                       /usr/lib/gcc/avr/9.2.0/../../../../avr/lib/avr5/crtatmega32u4.o
__vector_39                                       /usr/lib/gcc/avr/9.2.0/../../../../avr/lib/avr5/crtatmega32u4.o
__vector_4                                        /usr/lib/gcc/avr/9.2.0/../../../../avr/lib/avr5/crtatmega32u4.o
__vector_40                                       /usr/lib/gcc/avr/9.2.0/../../../../avr/lib/avr5/crtatmega32u4.o
__vector_41                                       /usr/lib/gcc/avr/9.2.0/../../../../avr/lib/avr5/crtatmega32u4.o
__vector_42                                       /usr/lib/gcc/avr/9.2.0/../../../../avr/lib/avr5/crtatmega32u4.o
__vector_5                                        /usr/lib/gcc/avr/9.2.0/../../../../avr/lib/avr5/crtatmega32u4.o
__vector_6                                        /usr/lib/gcc/avr/9.2.0/../../../../avr/lib/avr5/crtatmega32u4.o
__vector_7                                        /usr/lib/gcc/avr/9.2.0/../../../../avr/lib/avr5/crtatmega32u4.o
__vector_8                                        /usr/lib/gcc/avr/9.2.0/../../../../avr/lib/avr5/crtatmega32u4.o
__vector_9                                        /usr/lib/gcc/avr/9.2.0/../../../../avr/lib/avr5/crtatmega32u4.o
__vector_default                                  /usr/lib/gcc/avr/9.2.0/../../../../avr/lib/avr5/crtatmega32u4.o
__vectors                                         /usr/lib/gcc/avr/9.2.0/../../../../avr/lib/avr5/crtatmega32u4.o
_div                                              /usr/lib/gcc/avr/9.2.0/avr5/libgcc.a(_divmodhi4.o)
_exit                                             /usr/lib/gcc/avr/9.2.0/avr5/libgcc.a(_exit.o)
bus_enable_log                                    bus.o
bus_i2c                                           bus_i2c.o
                                                  global_commands.o
bus_init                                          bus.o
                                                  global_commands.o
                                                  ninja.o
bus_log_newline                                   bus.o
                                                  bus_spi.o
                                                  bus_i2c.o
bus_log_put0x8                                    bus.o
                                                  bus_i2c.o
bus_log_putc                                      bus.o
                                                  bus_i2c.o
bus_log_putdec                                    bus.o
bus_log_puthex8                                   bus.o
                                                  bus_spi.o
bus_log_puts                                      bus.o
bus_log_puts_P                                    bus.o
                                                  bus_spi.o
                                                  bus_i2c.o
bus_out                                           bus.o
                                                  bus_spi.o
                                                  bus_i2c.o
bus_set_outmode                                   bus.o
bus_spi                                           bus_spi.o
                                                  global_commands.o
console_init                                      console.o
                                                  ninja.o
console_key_poll                                  console.o
                                                  menu.o
console_newline                                   console.o
                                                  menu.o
                                                  bus.o
                                                  global_commands.o
                                                  commands.o
                                                  ninja.o
console_put0x8                                    console.o
                                                  bus.o
console_putbin                                    console.o
                                                  bus.o
console_putc                                      console.o
                                                  menu.o
                                                  bus.o
console_putdec                                    console.o
                                                  menu.o
                                                  bus.o
console_puthex16                                  console.o
console_puthex8                                   console.o
                                                  bus.o
console_puts                                      console.o
                                                  bus.o
console_puts_P                                    console.o
                                                  menu.o
                                                  bus.o
                                                  global_commands.o
                                                  commands.o
                                                  ninja.o
console_putsmem                                   console.o
console_rx_callback                               console.o
                                                  usbdev_cdc.o
console_rx_ready_callback                         console.o
                                                  usbdev_cdc.o
console_set_echo                                  console.o
console_set_mode                                  console.o
                                                  menu.o
console_set_putc                                  console.o
                                                  usbdev_cdc.o
console_set_silent                                console.o
console_tick                                      console.o
                                                  ninja.o
cpu_init                                          cpu.o
                                                  ninja.o
cpu_reset                                         cpu.o
                                                  global_commands.o
current_bus                                       bus.o
                                                  commands.o
driver_tick                                       ninja.o
                                                  menu.o
eeprom_read_byte                                  /usr/lib/gcc/avr/9.2.0/../../../../avr/lib/avr5/libatmega32u4.a(eerd_byte.o)
                                                  ../third-party/LUFA100513/LUFA/Drivers/USB/LowLevel/Endpoint.o
eeprom_write_byte                                 /usr/lib/gcc/avr/9.2.0/../../../../avr/lib/avr5/libatmega32u4.a(eewr_byte.o)
                                                  ../third-party/LUFA100513/LUFA/Drivers/USB/LowLevel/Endpoint.o
eeprom_write_r18                                  /usr/lib/gcc/avr/9.2.0/../../../../avr/lib/avr5/libatmega32u4.a(eewr_byte.o)
execute_command_line                              commands.o
                                                  console.o
exit                                              /usr/lib/gcc/avr/9.2.0/avr5/libgcc.a(_exit.o)
                                                  /usr/lib/gcc/avr/9.2.0/../../../../avr/lib/avr5/crtatmega32u4.o
global_command_table                              global_commands.o
                                                  commands.o
helpStr                                           global_commands.o
hw_i2c_bus_clear                                  hw_i2c.o
                                                  bus_i2c.o
hw_i2c_config                                     hw_i2c.o
hw_i2c_get_freq                                   hw_i2c.o
hw_i2c_init                                       hw_i2c.o
                                                  bus_i2c.o
hw_i2c_master_rx                                  hw_i2c.o
                                                  bus_i2c.o
hw_i2c_master_start                               hw_i2c.o
                                                  bus_i2c.o
hw_i2c_master_stop                                hw_i2c.o
                                                  bus_i2c.o
hw_i2c_master_tx                                  hw_i2c.o
                                                  bus_i2c.o
hw_i2c_shutdown                                   hw_i2c.o
                                                  bus_i2c.o
hw_led_set                                        hw_led.o
                                                  led.o
hw_led_tick                                       hw_led.o
hw_spi_init                                       hw_spi.o
                                                  bus_spi.o
hw_spi_shutdown                                   hw_spi.o
                                                  bus_spi.o
hw_spi_write8                                     hw_spi.o
                                                  bus_spi.o
i2cStr                                            global_commands.o
ledStr                                            global_commands.o
led_init                                          led.o
                                                  ninja.o
led_set_seq                                       led.o
                                                  global_commands.o
                                                  ninja.o
led_tick                                          led.o
                                                  ninja.o
main                                              ninja.o
                                                  /usr/lib/gcc/avr/9.2.0/../../../../avr/lib/avr5/crtatmega32u4.o
memcmp_P                                          /usr/lib/gcc/avr/9.2.0/../../../../avr/lib/avr5/libc.a(memcmp_P.o)
                                                  commands.o
memcpy_P                                          /usr/lib/gcc/avr/9.2.0/../../../../avr/lib/avr5/libc.a(memcpy_P.o)
                                                  global_commands.o
                                                  commands.o
menu_pick_key                                     menu.o
menu_show                                         menu.o
my_menu                                           menu.o
my_menu2                                          menu.o
mymenu                                            menu.o
parse_number                                      parse.o
                                                  commands.o
resetStr                                          global_commands.o
spiStr                                            global_commands.o
tick_get                                          tick.o
                                                  led.o
                                                  ninja.o
tick_init                                         tick.o
                                                  ninja.o
tok                                               parse.o
tok_num                                           parse.o
                                                  global_commands.o
usbdev_cdc_device_configuration_changed           usbdev_cdc.o
                                                  usbdev.o
usbdev_cdc_device_connect                         usbdev_cdc.o
                                                  usbdev.o
usbdev_cdc_get_descriptor                         usbdev_cdc.o
                                                  usbdev.o
usbdev_cdc_init                                   usbdev_cdc.o
                                                  usbdev.o
usbdev_cdc_putc                                   usbdev_cdc.o
usbdev_cdc_set_rx_cb                              usbdev_cdc.o
usbdev_cdc_set_rx_ready_cb                        usbdev_cdc.o
usbdev_cdc_shutdown                               usbdev_cdc.o
                                                  usbdev.o
usbdev_cdc_tick                                   usbdev_cdc.o
                                                  usbdev.o
usbdev_cdc_unhandled_control_request              usbdev_cdc.o
                                                  usbdev.o
usbdev_init                                       usbdev.o
                                                  ninja.o
usbdev_tick                                       usbdev.o
                                                  ninja.o
versionStr                                        global_commands.o
watchdog_init                                     watchdog.o
                                                  ninja.o
watchdog_reset                                    watchdog.o
                                                  ninja.o
                                                  hw_i2c.o
                                                  usbdev_cdc.o
